## Error Type
Console Error

## Error Message
A tree hydrated but some attributes of the server rendered HTML didn't match the client properties. This won't be patched up. This can happen if a SSR-ed Client Component used:

- A server/client branch `if (typeof window !== 'undefined')`.
- Variable input such as `Date.now()` or `Math.random()` which changes each time it's called.
- Date formatting in a user's locale which doesn't match the server.
- External changing data without sending a snapshot of it along with the HTML.
- Invalid HTML tag nesting.

It can also happen if the client has a browser extension installed which messes with the HTML before React loaded.

https://react.dev/link/hydration-mismatch

  ...
    <HotReload globalError={[...]} webSocket={WebSocket} staticIndicatorState={{pathname:null, ...}}>
      <AppDevOverlayErrorBoundary globalError={[...]}>
        <ReplaySsrOnlyErrors>
        <DevRootHTTPAccessFallbackBoundary>
          <HTTPAccessFallbackBoundary notFound={<NotAllowedRootHTTPFallbackError>}>
            <HTTPAccessFallbackErrorBoundary pathname="/" notFound={<NotAllowedRootHTTPFallbackError>} ...>
              <RedirectBoundary>
                <RedirectErrorBoundary router={{...}}>
                  <Head>
                  <__next_root_layout_boundary__>
                    <SegmentViewNode type="layout" pagePath="layout.tsx">
                      <SegmentTrieNode>
                      <link>
                      <RootLayout>
                        <html lang="en" suppressHydrationWarning={true}>
                          <body
                            className="__variable_188709 __variable_9a8899 antialiased flex"
-                           data-new-gr-c-s-check-loaded="14.1123.0"
-                           data-gr-ext-installed=""
                          >
                  ...



    at body (<anonymous>:null:null)
    at RootLayout (src\app\layout.tsx:31:7)

## Code Frame
  29 |   return (
  30 |     <html lang="en" suppressHydrationWarning>
> 31 |       <body className={`${geistSans.variable} ${geistMono.variable} antialiased flex`}>
     |       ^
  32 |         <ThemeProvider
  33 |           attribute="class"
  34 |           defaultTheme="system"

Next.js version: 16.0.0 (Webpack)
